Error INCLUDE at Line 7: empty file
Program (1)
  IncludeList (1)
    INCLUDE: <stdio.h>
    IncludeList (2)
      INCLUDE: <stdarg.h>
      IncludeList (3)
        INCLUDE: "LinkedList.c"
        IncludeList (4)
          INCLUDE: <stdlib.h>
          IncludeList (5)
            INCLUDE: <string.h>
  ExtDefList (9)
    ExtDef (9)
      Specifier (9)
        TYPE: int
      FunDec (9)
        ID: main
        LP
        RP
      CompSt (9)
        LC
        StmtList (10)
          Stmt (10)
            RETURN
            Exp (10)
              INT: 0
            SEMI
        RC
