Error macro at Line 1: duplicate parameter
Error DEFINE at Line 2: empty macro
Error type A at Line 4: unknown lexeme $max
Program (1)
  ExtDefList (10)
    ExtDef (10)
      Specifier (10)
        TYPE: int
      FunDec (10)
        ID: main
        LP
        RP
      CompSt (10)
        LC
        StmtList (11)
          Stmt (11)
            Exp (11)
              ID: add
              LP
              Args (11)
                Exp (11)
                  ID: a
                COMMA
                Args (11)
                  Exp (11)
                    FLOAT: 3.1415926
              RP
            SEMI
          StmtList (12)
            Stmt (12)
              RETURN
              Exp (12)
                INT: 0
              SEMI
        RC
