Error COMMENT from Line 3 to Line 5: nested multi-line comments
Program (1)
  ExtDefList (8)
    ExtDef (8)
      Specifier (8)
        TYPE: int
      FunDec (8)
        ID: main
        LP
        RP
      CompSt (8)
        LC
        StmtList (10)
          Stmt (10)
            RETURN
            Exp (10)
              INT: 1
            SEMI
        RC
