Error type A at Line 7: unknown lexeme |
Error type B at Line 7: Unknow operator |
Error type A at Line 8: unknown lexeme &
Error type B at Line 8: Unknow operator &
